The value of PI is:
3.14159265358
9793238462643
3832795028841
9716939937510
5820974944592
307816406286
===========
The value of e is:
2.718281828459
04523536028747
13526624977572
47093699959574
96696762772407
6630353
