   _____
  /     \
  vvvvvvv  /|__/|
     I   /O,O   |
     I /_____   |      /|/|
    J|/^ ^ ^ \  |    /00  |    _//|
     |^ ^ ^ ^ |W|   |/^^\ |   /oo |
      \m___m__|_|    \m_m_|   \mm_|

              "Totoros" (from "My Neighbor Totoro")
                      --- Duke Lee
