|   ____| /\| |/\  /      ||  |/  /   \   \  /   / /  __  \  |  |  |  |  |  |        /   \     |   _  \  |__ \
|  |__    \ ` ' / |  ,----'|  '  /     \   \/   / |  |  |  | |  |  |  |  |  |       /  ^  \    |  |_)  |    ) |
|   __|  |_     _||  |     |    <       \_    _/  |  |  |  | |  |  |  |  |  |      /  /_\  \   |   _  <    / /
|  |      / , . \ |  `----.|  .  \        |  |    |  `--'  | |  `--'  |  |  `----./  _____  \  |  |_)  |  / /_ 
|__|      \/|_|\/  \______||__|\__\       |__|     \______/   \______/   |_______/__/     \__\ |______/  |____|
