(deleted) prime 1 p          = 00000000000000000000000000000000EE77A202AFEF47264757C0EBA66E1C37
(deleted) prime 2 q          = 00000000000000000000000000000000D913739DAB8DB7F86446204239EFEAD7
(public)  n =  p*q           = CA3586E7EA485F3B0A222A4C79F7DD12E85388ECCDEE4035940D774C029CF831
(deleted) phi = (p-1)*(q-1)  = CA3586E7EA485F3B0A222A4C79F7DD1120C8734C72714116E86F961E223EF124
(public)  exponentiation 1 e = 0000000000000000000000000000000000000000000000000000000000010001
(private) exponentiation 2 d = B6ACE0B14720169839B15FD13326CF1A1829BEAFC37BB937BEC8802FBCF46BD9

d*e = 1 (mod phi)
pow(x, phi) % n = 1 for all x in [0,n) by Fermat's Little Theorem

encrypt:
y = pow(x, e) % n

decrypt:
x = pow(y, d) % n
